[nocturne-spider.baicizhan.com/index.html]
[nocturne-spider.baicizhan.com/images/apple-touch-icon-next.png]
[nocturne-spider.baicizhan.com/images/favicon-32x32-next.png]
[nocturne-spider.baicizhan.com/images/favicon-16x16-next.png]
[nocturne-spider.baicizhan.com/css/main.css]
[backblue.gif]
[fade.gif]
[index.html]
[nocturne-spider.baicizhan.com/lib/font-awesome/css/all.min.css]
[nocturne-spider.baicizhan.com/archives.html]
[nocturne-spider.baicizhan.com/2020/09/02/coco/index.html]
[nocturne-spider.baicizhan.com/2020/09/01/libai/index.html]
[nocturne-spider.baicizhan.com/categories/未分類/index.html]
[nocturne-spider.baicizhan.com/lib/anime.min.js]
[nocturne-spider.baicizhan.com/2020/08/20/photo/index.html]
[nocturne-spider.baicizhan.com/2020/08/14/xun/index.html]
[nocturne-spider.baicizhan.com/2020/08/14/2/index.html]
[nocturne-spider.baicizhan.com/lib/velocity/velocity.min.js]
[nocturne-spider.baicizhan.com/2020/08/07/1/index.html]
[nocturne-spider.baicizhan.com/2020/08/08/域名/index.html]
[nocturne-spider.baicizhan.com/2020/07/29/example-post-3/index.html]
[nocturne-spider.baicizhan.com/lib/velocity/velocity.ui.min.js]
[nocturne-spider.baicizhan.com/js/utils.js]
[nocturne-spider.baicizhan.com/js/motion.js]
[nocturne-spider.baicizhan.com/js/schemes/muse.js]
[nocturne-spider.baicizhan.com/index.html]
[nocturne-spider.baicizhan.com/images/logo.svg]
[nocturne-spider.baicizhan.com/css/main.css]
[nocturne-spider.baicizhan.com/js/next-boot.js]
[nocturne-spider.baicizhan.com/lib/font-awesome/webfonts/fa-brands-400.woff2]
[nocturne-spider.baicizhan.com/lib/font-awesome/webfonts/fa-regular-400.woff2]
[nocturne-spider.baicizhan.com/lib/font-awesome/webfonts/fa-solid-900.woff2]
[nocturne-spider.baicizhan.com/lib/font-awesome/css/all.min.css]
[nocturne-spider.baicizhan.com/2020/09/02/coco/index.html]
[nocturne-spider.baicizhan.com/categories/未分類/index.html]
[nocturne-spider.baicizhan.com/2020/09/01/libai/index.html]
[nocturne-spider.baicizhan.com/2020/08/20/photo/index.html]
[nocturne-spider.baicizhan.com/2020/08/14/xun/index.html]
[nocturne-spider.baicizhan.com/2020/08/14/2/index.html]
[nocturne-spider.baicizhan.com/2020/08/08/域名/index.html]
[nocturne-spider.baicizhan.com/2020/08/07/1/index.html]
[nocturne-spider.baicizhan.com/2020/07/29/example-post-3/index.html]
[nocturne-spider.baicizhan.com/archives.html]
[nocturne-spider.baicizhan.com/lib/font-awesome/webfonts/fa-brands-400.eot]
[nocturne-spider.baicizhan.com/lib/font-awesome/webfonts/fa-brands-400d41d.eot]
[nocturne-spider.baicizhan.com/lib/font-awesome/webfonts/fa-brands-400.woff]
[nocturne-spider.baicizhan.com/lib/font-awesome/webfonts/fa-brands-400.ttf]
[nocturne-spider.baicizhan.com/lib/font-awesome/webfonts/fa-brands-400.svg]
[nocturne-spider.baicizhan.com/lib/font-awesome/webfonts/fa-regular-400.eot]
[nocturne-spider.baicizhan.com/lib/font-awesome/webfonts/fa-regular-400d41d.eot]
[nocturne-spider.baicizhan.com/lib/font-awesome/webfonts/fa-regular-400.woff]
[nocturne-spider.baicizhan.com/lib/font-awesome/webfonts/fa-regular-400.ttf]
[nocturne-spider.baicizhan.com/lib/font-awesome/webfonts/fa-regular-400.svg]
[nocturne-spider.baicizhan.com/lib/font-awesome/webfonts/fa-solid-900.eot]
[nocturne-spider.baicizhan.com/lib/font-awesome/webfonts/fa-solid-900d41d.eot]
[nocturne-spider.baicizhan.com/lib/font-awesome/webfonts/fa-solid-900.woff]
[nocturne-spider.baicizhan.com/lib/font-awesome/webfonts/fa-solid-900.ttf]
[nocturne-spider.baicizhan.com/lib/font-awesome/webfonts/fa-solid-900.svg]
[nocturne-spider.baicizhan.com/archives/index.html]
[nocturne-spider.baicizhan.com/archives/index.html]
